# module: math module
# customized: math module
# test: add
ok 1
ok 2
ok 3 - passing 3 args
ok 4 - just one arg
ok 5 - no args
not ok 6 - expected: 7, got: 1
not ok 7 - with message, expected: 7, got: 1
ok 8
ok 9 - with message
not ok 10
not ok 11 - with message
# module: incr module
# customized: incr module
# test: increment
ok 12
ok 13
# module: TAP spec compliance
# customized: TAP spec compliance
# test: Diagnostic lines
ok 14 - with
# multiline
# message
not ok 15 - with
# multiline
# message, expected: "foobar
# ", got: "foo
# bar"
# test: equal
ok 16 - equal('1', 1)
not ok 17 - equal(null, 'null'), expected: "null", got: null
not ok 18 - equal(undefined, 'undefined'), expected: "undefined", got: undefined
ok 19 - equal(null, undefined)
ok 20 - equal(undefined, null)
ok 21 - equal(undefined, undefined)
# test: strictEqual
not ok 22 - strictEqual(0, '0'), expected: "0", got: 0
not ok 23 - strictEqual('1', 1), expected: 1, got: "1"
not ok 24 - strictEqual(null, undefined), expected: undefined, got: null
not ok 25 - strictEqual(undefined, null), expected: null, got: undefined
ok 26 - strictEqual(undefined, undefined)
# test: deepEqual
ok 27 - deepEqual(undefined, undefined)
not ok 28 - deepEqual(['1', '2'], [1, 2]), expected: [
#   1,
#   2
# ], got: [
#   "1",
#   "2"
# ]
not ok 29 - deepEqual({foo: 'hoge', bar: 'piyo'}, {foo: 'fuga', baz: 'piyo'}), expected: {
#   "baz": "piyo",
#   "foo": "fuga"
# }, got: {
#   "bar": "piyo",
#   "foo": "hoge"
# }
not ok 30 - ok(null)
not ok 31 - ok(undefined)
ok 32 - ok(1)
not ok 33 - ok(0)
not ok 34 - ok('')
ok 35 - ok([])
ok 36 - ok({})
1..36
